
simple2.elf:     file format elf32-littleriscv


Disassembly of section .text:

00000000 <_start>:
   0:	00010137          	lui	sp,0x10
   4:	ffc10113          	addi	sp,sp,-4 # fffc <_fstack>
   8:	00a000ef          	jal	ra,12 <main>

0000000c <Exit>:
   c:	48a9                	li	a7,10
   e:	00000073          	ecall

00000012 <main>:
  12:	1101                	addi	sp,sp,-32
  14:	ce22                	sw	s0,28(sp)
  16:	1000                	addi	s0,sp,32
  18:	4895                	li	a7,5
  1a:	87c6                	mv	a5,a7
  1c:	fef42623          	sw	a5,-20(s0)
  20:	48bd                	li	a7,15
  22:	87c6                	mv	a5,a7
  24:	fef42423          	sw	a5,-24(s0)
  28:	fec42703          	lw	a4,-20(s0)
  2c:	fe842783          	lw	a5,-24(s0)
  30:	97ba                	add	a5,a5,a4
  32:	fef42423          	sw	a5,-24(s0)
  36:	4885                	li	a7,1
  38:	853e                	mv	a0,a5
  3a:	fef42423          	sw	a5,-24(s0)
  3e:	00000073          	ecall
  42:	4781                	li	a5,0
  44:	853e                	mv	a0,a5
  46:	4472                	lw	s0,28(sp)
  48:	6105                	addi	sp,sp,32
  4a:	8082                	ret
